gplink-0.13.5 alpha
Map File - Created 7-7-2008  14:40:19
 
                                 Section Info
                  Section       Type    Address   Location Size(Bytes)
                ---------  ---------  ---------  ---------  ---------
                  STARTUP       code   00000000    program   0x000004
                    .code       code   0x000010    program   0x0001b4
                   TABLES       code   0x000140    program   0x000176
                   LCDLIB       code   0x000200    program   0x000200
                  .config       code   0x002007    program   0x000002
                   .udata      udata   0x000020       data   0x00001a
                  _LCDOV2      udata   0x00003a       data   0x000003
                  _LCDOV3      udata   0x00003d       data   0x000002
                  _DELOV2      udata   0x00003f       data   0x000002
                  _DELOV1      udata   0x000041       data   0x000002
                  _LCDOV1      udata   0x000043       data   0x000001
 
                              Program Memory Usage
                               Start         End
                           ---------   ---------
                            0x002007    0x002007
                            00000000    0x000001
                            0x000010    0x0000e9
                            0x000140    0x0001fa
                            0x000200    0x0002ff
 
                            664 program addresses used
 
                              Symbols
                     Name    Address   Location    Storage File
                ---------  ---------  ---------  --------- ---------
                    Index   0x000020       data     static Regression.asm
                   IndInd   0x000021       data     static Regression.asm
                  SaveChr   0x000022       data     static Regression.asm
                   Buffer   0x000023       data     static Regression.asm
                   TstSc6   0x000010    program     static Regression.asm
                  TstSc61   0x000015    program     static Regression.asm
                   TstMs6   0x000023    program     static Regression.asm
                  TstMs61   0x000029    program     static Regression.asm
                   TstMsg   0x00003e    program     static Regression.asm
                  TstMsg1   0x000044    program     static Regression.asm
                   TstScr   0x000059    program     static Regression.asm
                  TstScr1   0x000060    program     static Regression.asm
                   TstDig   0x000070    program     static Regression.asm
                  TstDig1   0x000073    program     static Regression.asm
                   TstAdr   0x00007f    program     static Regression.asm
                   TstAd1   0x000080    program     static Regression.asm
                   TstA6r   0x000097    program     static Regression.asm
                   TstA61   0x00009b    program     static Regression.asm
                   TstA62   0x0000a8    program     static Regression.asm
                   TstA63   0x0000ad    program     static Regression.asm
                    Start   0x0000be    program     static Regression.asm
                     Loop   0x0000c4    program     static Regression.asm
                   TabDig   0x000140    program     static Regression.asm
                   TabAdr   0x00014d    program     static Regression.asm
                   TabAd1   0x00015a    program     static Regression.asm
                   TabAd6   0x000167    program     static Regression.asm
                   TabA61   0x00017c    program     static Regression.asm
                   TabScr   0x000191    program     static Regression.asm
                   TabSc6   0x0001b5    program     static Regression.asm
                   TabMsg   0x0001d9    program     static Regression.asm
                   TabM6g   0x0001e6    program     static Regression.asm
                 SaveLetr   0x000043       data     static LCDletr_87.asm
                   LCDdig   0x000200    program     extern LCDletr_87.asm
                  LCDletr   0x000202    program     extern LCDletr_87.asm
                 LCDclear   0x000211    program     extern LCDclear_87.asm
                   LCDad1   0x00003d       data     extern LCDinsc_87.asm
                   LCDad2   0x00003e       data     extern LCDinsc_87.asm
                  LCDinsc   0x000215    program     extern LCDinsc_87.asm
                    Del1s   0x00021e    program     extern Del1s_87.asm
                  LCDsndD   0x000221    program     extern LCDsnd_87.asm
           _LCDLIB_000002   0x000223    program     static LCDsnd_87.asm
                  LCDsndI   0x000224    program     extern LCDsnd_87.asm
                 _DELV003   0x00003f       data     static Del2ms_87.asm
                 _DELV004   0x000040       data     static Del2ms_87.asm
                   Del2ms   0x00022f    program     extern Del2ms_87.asm
                    lloop   0x000233    program     static Del2ms_87.asm
                    mloop   0x000234    program     static Del2ms_87.asm
                     Save   0x000043       data     static LCDsend_87.asm
                  LCDsend   0x00023b    program     extern LCDsend_87.asm
                 _DELV001   0x000041       data     static Del40us_87.asm
                 _DELV002   0x000042       data     static Del40us_87.asm
                  Del40us   0x00024a    program     extern Del40us_87.asm
                    jloop   0x00024e    program     static Del40us_87.asm
                    kloop   0x00024f    program     static Del40us_87.asm
                    Count   0x000043       data     static LCDinit_87.asm
                  LCDinit   0x000259    program     extern LCDinit_87.asm
           _LCDLIB_00000c   0x000265    program     static LCDinit_87.asm
                 Del450ns   0x00027d    program     extern Del450ns_87.asm
                 LCDshift   0x00027e    program     extern LCDshift_87.asm
                     Char   0x00003a       data     static LCDsc16_87.asm
                  LCDsc16   0x000282    program     extern LCDsc16_87.asm
                    Limit   0x0002a5    program     static LCDsc16_87.asm
                   Limit1   0x0002b2    program     static LCDsc16_87.asm
                   Limit2   0x0002b5    program     static LCDsc16_87.asm
                     LCD8   0x0002b8    program     extern LCD8_87.asm
                 LCDunshf   0x0002bc    program     extern LCDunshf_87.asm
                  BufAddr   0x00003a       data     static LCDmsg_87.asm
                    Count   0x00003b       data     static LCDmsg_87.asm
                   Switch   0x00003c       data     static LCDmsg_87.asm
                   LCDmsg   0x0002c0    program     extern LCDmsg_87.asm
                      MsL   0x0002ca    program     static LCDmsg_87.asm
                     MsL1   0x0002d4    program     static LCDmsg_87.asm
                  LCDzero   0x0002e2    program     extern LCDzero_87.asm
                     Addr   0x000043       data     static LCDaddr_87.asm
                  LCDaddr   0x0002e6    program     extern LCDaddr_87.asm
                 Del512ms   0x0002ea    program     extern Del512ms_87.asm
                 Del256ms   0x0002ed    program     extern Del256ms_87.asm
                 _DELV001   0x000041       data     static Del128ms_87.asm
                 _DELV002   0x000042       data     static Del128ms_87.asm
                 Del128ms   0x0002f0    program     extern Del128ms_87.asm
                    Go128   0x0002f3    program     static Del128ms_87.asm
               outer_loop   0x0002f7    program     static Del128ms_87.asm
               inner_loop   0x0002f9    program     static Del128ms_87.asm
 
