MPLINK 4.11, Linker
Linker Map File - Created Sat Dec 27 18:39:56 2008

                                 Section Info
                  Section       Type    Address   Location Size(Bytes)
                ---------  ---------  ---------  ---------  ---------
                  STARTUP       code   0x000000    program   0x000004
                   IRQSVC       code   0x000004    program   0x00002e
                   TABLES       code   0x000020    program   0x00001c
                    MYLIB       code   0x000030    program   0x000124
                     PROG       code   0x0000d0    program   0x000040
                   .cinit    romdata   0x0000f0    program   0x000004
                   LCDLIB       code   0x000100    program   0x0000cc
                  .config       code   0x002007    program   0x000002
                   .udata      udata   0x00000c       data   0x000014
                  _DELOV2      udata   0x000020       data   0x000002
                  _DELOV1      udata   0x000022       data   0x000002
                  _LCDOV1      udata   0x000024       data   0x000001



                              Program Memory Usage 
                               Start         End      
                           ---------   ---------      
                            0x000000    0x000001      
                            0x000004    0x00001a      
                            0x000020    0x00002d      
                            0x000030    0x0000c1      
                            0x0000d0    0x0000f1      
                            0x000100    0x000165      
                            0x002007    0x002007      
            322 out of 453 program addresses used, program memory utilization is 71%



                              Symbols - Sorted by Name
                     Name    Address   Location    Storage File                     
                ---------  ---------  ---------  --------- ---------                
               CheckDirty   0x0000ec    program     static H:\PIC\Lesson21\compare\760\L21c.asm
                  Clearit   0x000038    program     static H:\PIC\Lesson21\compare\760\SaveCntC.asm
                ContWrite   0x000058    program     static H:\PIC\Lesson21\compare\760\SaveCntC.asm
                 ConvBCD2   0x000074    program     extern H:\PIC\Lesson21\compare\760\ConvBCD2.asm
                   ConvL1   0x000080    program     static H:\PIC\Lesson21\compare\760\ConvBCD2.asm
                   ConvL2   0x00008a    program     static H:\PIC\Lesson21\compare\760\ConvBCD2.asm
                   Del2ms   0x000104    program     extern H:\PIC\Lesson21\compare\760\lcdlib\Del2ms.asm
                  Del40us   0x00013b    program     extern H:\PIC\Lesson21\compare\760\lcdlib\Del40us.asm
                 Del450ns   0x000161    program     extern H:\PIC\Lesson21\compare\760\lcdlib\Del450ns.asm
                   Disp16   0x000065    program     extern H:\PIC\Lesson21\compare\760\Disp16.asm
                  Disp16L   0x00006b    program     static H:\PIC\Lesson21\compare\760\Disp16.asm
                FirstByte   0x000040    program     static H:\PIC\Lesson21\compare\760\SaveCntC.asm
                IRQEEDONE   0x000012    program     static H:\PIC\Lesson21\compare\760\ISRc.asm
                IRQEEPROM   0x00000f    program     static H:\PIC\Lesson21\compare\760\ISRc.asm
                  IRQEXIT   0x000015    program     static H:\PIC\Lesson21\compare\760\ISRc.asm
                 InitTMR0   0x0000a4    program     extern H:\PIC\Lesson21\compare\760\InitTMR0.asm
                 LCDclear   0x000100    program     extern H:\PIC\Lesson21\compare\760\lcdlib\LCDclear.asm
                   LCDdig   0x00012e    program     extern H:\PIC\Lesson21\compare\760\lcdlib\LCDletr.asm
                  LCDinit   0x00010e    program     extern H:\PIC\Lesson21\compare\760\lcdlib\LCDinit.asm
                  LCDletr   0x000130    program     extern H:\PIC\Lesson21\compare\760\lcdlib\LCDletr.asm
                  LCDsend   0x000148    program     extern H:\PIC\Lesson21\compare\760\lcdlib\LCDsend.asm
                  LCDsndD   0x000153    program     extern H:\PIC\Lesson21\compare\760\lcdlib\LCDsnd.asm
                  LCDsndI   0x000156    program     extern H:\PIC\Lesson21\compare\760\lcdlib\LCDsnd.asm
                  LCDzero   0x000162    program     extern H:\PIC\Lesson21\compare\760\lcdlib\LCDzero.asm
                     Loop   0x0000dc    program     static H:\PIC\Lesson21\compare\760\L21c.asm
                    Loop1   0x0000dd    program     static H:\PIC\Lesson21\compare\760\L21c.asm
                 NextByte   0x00004e    program     static H:\PIC\Lesson21\compare\760\SaveCntC.asm
                  RestCnt   0x0000ae    program     extern H:\PIC\Lesson21\compare\760\RestCnt.asm
                  SaveCnt   0x000030    program     extern H:\PIC\Lesson21\compare\760\SaveCntC.asm
                    Start   0x0000d0    program     static H:\PIC\Lesson21\compare\760\L21c.asm
             _LCDLIB_0002   0x000155    program     static H:\PIC\Lesson21\compare\760\lcdlib\LCDsnd.asm
             _LCDLIB_0009   0x000117    program     static H:\PIC\Lesson21\compare\760\lcdlib\LCDinit.asm
                  doneDig   0x00009c    program     static H:\PIC\Lesson21\compare\760\ConvBCD2.asm
                    jloop   0x00013e    program     static H:\PIC\Lesson21\compare\760\lcdlib\Del40us.asm
                    kloop   0x00013f    program     static H:\PIC\Lesson21\compare\760\lcdlib\Del40us.asm
                    lloop   0x000107    program     static H:\PIC\Lesson21\compare\760\lcdlib\Del2ms.asm
                    mloop   0x000108    program     static H:\PIC\Lesson21\compare\760\lcdlib\Del2ms.asm
                 noBorrow   0x000092    program     static H:\PIC\Lesson21\compare\760\ConvBCD2.asm
                       t1   0x000020    program     static H:\PIC\Lesson21\compare\760\ConvBCD2.asm
                    Count   0x000024       data     static H:\PIC\Lesson21\compare\760\lcdlib\LCDinit.asm
                   LEDflg   0x000018       data     extern H:\PIC\Lesson21\compare\760\Disp16.asm
                     Save   0x000024       data     static H:\PIC\Lesson21\compare\760\lcdlib\LCDsend.asm
                 SaveLetr   0x000024       data     static H:\PIC\Lesson21\compare\760\lcdlib\LCDletr.asm
                 _DELV001   0x000022       data     static H:\PIC\Lesson21\compare\760\lcdlib\Del40us.asm
                 _DELV002   0x000023       data     static H:\PIC\Lesson21\compare\760\lcdlib\Del40us.asm
                 _DELV003   0x000020       data     static H:\PIC\Lesson21\compare\760\lcdlib\Del2ms.asm
                 _DELV004   0x000021       data     static H:\PIC\Lesson21\compare\760\lcdlib\Del2ms.asm
                   binary   0x000010       data     extern H:\PIC\Lesson21\compare\760\Disp16.asm
                    count   0x00000f       data     static H:\PIC\Lesson21\compare\760\Disp16.asm
                   digits   0x000012       data     extern H:\PIC\Lesson21\compare\760\Disp16.asm
                   dindex   0x000019       data     static H:\PIC\Lesson21\compare\760\ConvBCD2.asm
                    dirty   0x000017       data     extern H:\PIC\Lesson21\compare\760\Disp16.asm
                  divisor   0x00001a       data     static H:\PIC\Lesson21\compare\760\ConvBCD2.asm
                  eestate   0x00000e       data     extern H:\PIC\Lesson21\compare\760\L21c.asm
                    inter   0x00001e       data     static H:\PIC\Lesson21\compare\760\ConvBCD2.asm
              status_temp   0x00000d       data     static H:\PIC\Lesson21\compare\760\ISRc.asm
                   w_temp   0x00000c       data     static H:\PIC\Lesson21\compare\760\ISRc.asm
                     work   0x00001c       data     static H:\PIC\Lesson21\compare\760\ConvBCD2.asm



                              Symbols - Sorted by Address
                     Name    Address   Location    Storage File                     
                ---------  ---------  ---------  --------- ---------                
                IRQEEPROM   0x00000f    program     static H:\PIC\Lesson21\compare\760\ISRc.asm
                IRQEEDONE   0x000012    program     static H:\PIC\Lesson21\compare\760\ISRc.asm
                  IRQEXIT   0x000015    program     static H:\PIC\Lesson21\compare\760\ISRc.asm
                       t1   0x000020    program     static H:\PIC\Lesson21\compare\760\ConvBCD2.asm
                  SaveCnt   0x000030    program     extern H:\PIC\Lesson21\compare\760\SaveCntC.asm
                  Clearit   0x000038    program     static H:\PIC\Lesson21\compare\760\SaveCntC.asm
                FirstByte   0x000040    program     static H:\PIC\Lesson21\compare\760\SaveCntC.asm
                 NextByte   0x00004e    program     static H:\PIC\Lesson21\compare\760\SaveCntC.asm
                ContWrite   0x000058    program     static H:\PIC\Lesson21\compare\760\SaveCntC.asm
                   Disp16   0x000065    program     extern H:\PIC\Lesson21\compare\760\Disp16.asm
                  Disp16L   0x00006b    program     static H:\PIC\Lesson21\compare\760\Disp16.asm
                 ConvBCD2   0x000074    program     extern H:\PIC\Lesson21\compare\760\ConvBCD2.asm
                   ConvL1   0x000080    program     static H:\PIC\Lesson21\compare\760\ConvBCD2.asm
                   ConvL2   0x00008a    program     static H:\PIC\Lesson21\compare\760\ConvBCD2.asm
                 noBorrow   0x000092    program     static H:\PIC\Lesson21\compare\760\ConvBCD2.asm
                  doneDig   0x00009c    program     static H:\PIC\Lesson21\compare\760\ConvBCD2.asm
                 InitTMR0   0x0000a4    program     extern H:\PIC\Lesson21\compare\760\InitTMR0.asm
                  RestCnt   0x0000ae    program     extern H:\PIC\Lesson21\compare\760\RestCnt.asm
                    Start   0x0000d0    program     static H:\PIC\Lesson21\compare\760\L21c.asm
                     Loop   0x0000dc    program     static H:\PIC\Lesson21\compare\760\L21c.asm
                    Loop1   0x0000dd    program     static H:\PIC\Lesson21\compare\760\L21c.asm
               CheckDirty   0x0000ec    program     static H:\PIC\Lesson21\compare\760\L21c.asm
                 LCDclear   0x000100    program     extern H:\PIC\Lesson21\compare\760\lcdlib\LCDclear.asm
                   Del2ms   0x000104    program     extern H:\PIC\Lesson21\compare\760\lcdlib\Del2ms.asm
                    lloop   0x000107    program     static H:\PIC\Lesson21\compare\760\lcdlib\Del2ms.asm
                    mloop   0x000108    program     static H:\PIC\Lesson21\compare\760\lcdlib\Del2ms.asm
                  LCDinit   0x00010e    program     extern H:\PIC\Lesson21\compare\760\lcdlib\LCDinit.asm
             _LCDLIB_0009   0x000117    program     static H:\PIC\Lesson21\compare\760\lcdlib\LCDinit.asm
                   LCDdig   0x00012e    program     extern H:\PIC\Lesson21\compare\760\lcdlib\LCDletr.asm
                  LCDletr   0x000130    program     extern H:\PIC\Lesson21\compare\760\lcdlib\LCDletr.asm
                  Del40us   0x00013b    program     extern H:\PIC\Lesson21\compare\760\lcdlib\Del40us.asm
                    jloop   0x00013e    program     static H:\PIC\Lesson21\compare\760\lcdlib\Del40us.asm
                    kloop   0x00013f    program     static H:\PIC\Lesson21\compare\760\lcdlib\Del40us.asm
                  LCDsend   0x000148    program     extern H:\PIC\Lesson21\compare\760\lcdlib\LCDsend.asm
                  LCDsndD   0x000153    program     extern H:\PIC\Lesson21\compare\760\lcdlib\LCDsnd.asm
             _LCDLIB_0002   0x000155    program     static H:\PIC\Lesson21\compare\760\lcdlib\LCDsnd.asm
                  LCDsndI   0x000156    program     extern H:\PIC\Lesson21\compare\760\lcdlib\LCDsnd.asm
                 Del450ns   0x000161    program     extern H:\PIC\Lesson21\compare\760\lcdlib\Del450ns.asm
                  LCDzero   0x000162    program     extern H:\PIC\Lesson21\compare\760\lcdlib\LCDzero.asm
                   w_temp   0x00000c       data     static H:\PIC\Lesson21\compare\760\ISRc.asm
              status_temp   0x00000d       data     static H:\PIC\Lesson21\compare\760\ISRc.asm
                  eestate   0x00000e       data     extern H:\PIC\Lesson21\compare\760\L21c.asm
                    count   0x00000f       data     static H:\PIC\Lesson21\compare\760\Disp16.asm
                   binary   0x000010       data     extern H:\PIC\Lesson21\compare\760\Disp16.asm
                   digits   0x000012       data     extern H:\PIC\Lesson21\compare\760\Disp16.asm
                    dirty   0x000017       data     extern H:\PIC\Lesson21\compare\760\Disp16.asm
                   LEDflg   0x000018       data     extern H:\PIC\Lesson21\compare\760\Disp16.asm
                   dindex   0x000019       data     static H:\PIC\Lesson21\compare\760\ConvBCD2.asm
                  divisor   0x00001a       data     static H:\PIC\Lesson21\compare\760\ConvBCD2.asm
                     work   0x00001c       data     static H:\PIC\Lesson21\compare\760\ConvBCD2.asm
                    inter   0x00001e       data     static H:\PIC\Lesson21\compare\760\ConvBCD2.asm
                 _DELV003   0x000020       data     static H:\PIC\Lesson21\compare\760\lcdlib\Del2ms.asm
                 _DELV004   0x000021       data     static H:\PIC\Lesson21\compare\760\lcdlib\Del2ms.asm
                 _DELV001   0x000022       data     static H:\PIC\Lesson21\compare\760\lcdlib\Del40us.asm
                 _DELV002   0x000023       data     static H:\PIC\Lesson21\compare\760\lcdlib\Del40us.asm
                 SaveLetr   0x000024       data     static H:\PIC\Lesson21\compare\760\lcdlib\LCDletr.asm
                     Save   0x000024       data     static H:\PIC\Lesson21\compare\760\lcdlib\LCDsend.asm
                    Count   0x000024       data     static H:\PIC\Lesson21\compare\760\lcdlib\LCDinit.asm


