gplink-0.13.5 alpha
Map File - Created 2-6-2008  20:28:02
 
                                 Section Info
                  Section       Type    Address   Location Size(Bytes)
                ---------  ---------  ---------  ---------  ---------
                  STARTUP       code   00000000    program   0x000004
                   IRQSVC       code   0x000004    program   0x00001e
                   TABLES       code   0x000040    program   0x00001c
                    MYLIB       code   0x000100    program   0x000136
                     PROG       code   0x000200    program   0x000030
                   LCDLIB       code   0x000300    program   0x0000b4
                  .config       code   0x002007    program   0x000002
                   .udata      udata   0x000020       data   0x000011
                  _DELOV2      udata   0x000031       data   0x000002
                  _DELOV1      udata   0x000033       data   0x000002
                  _LCDOV1      udata   0x000035       data   0x000001
               .udata_shr      udata   0x000070       data   0x000002
 
                              Program Memory Usage
                               Start         End
                           ---------   ---------
                            0x000004    0x000012
                            0x002007    0x002007
                            00000000    0x000001
                            0x000200    0x000217
                            0x000100    0x00019a
                            0x000040    0x00004d
                            0x000300    0x000359
 
                            301 program addresses used
 
                              Symbols
                     Name    Address   Location    Storage File
                ---------  ---------  ---------  --------- ---------
                   w_temp   0x000070       data     static ISRa.asm
              status_temp   0x000071       data     static ISRa.asm
                    Start   0x000200    program     static L21b.asm
                     Loop   0x00020b    program     static L21b.asm
                    Loop1   0x00020c    program     static L21b.asm
                  SaveCnt   0x000100    program     extern SaveCntB.asm
                    Wait0   0x000105    program     static SaveCntB.asm
                    Wait1   0x00011b    program     static SaveCntB.asm
                    Wait2   0x00012f    program     static SaveCntB.asm
                    count   0x000020       data     static Disp16.asm
                   binary   0x000021       data     extern Disp16.asm
                   digits   0x000023       data     extern Disp16.asm
                    dirty   0x000028       data     extern Disp16.asm
                   LEDflg   0x000029       data     extern Disp16.asm
                   Disp16   0x000138    program     extern Disp16.asm
                  Disp16L   0x00013e    program     static Disp16.asm
                  RestCnt   0x000147    program     extern RestCnt.asm
                   dindex   0x00002a       data     static ConvBCD2.asm
                  divisor   0x00002b       data     static ConvBCD2.asm
                     work   0x00002d       data     static ConvBCD2.asm
                    inter   0x00002f       data     static ConvBCD2.asm
                       t1   0x000040    program     static ConvBCD2.asm
                 ConvBCD2   0x00015f    program     extern ConvBCD2.asm
                   ConvL1   0x00016b    program     static ConvBCD2.asm
                   ConvL2   0x000175    program     static ConvBCD2.asm
                 noBorrow   0x00017d    program     static ConvBCD2.asm
                  doneDig   0x000187    program     static ConvBCD2.asm
                 InitTMR0   0x00018f    program     extern InitTMR0.asm
                 SaveLetr   0x000035       data     static LCDletr_648A.asm
                   LCDdig   0x000300    program     extern LCDletr_648A.asm
                  LCDletr   0x000302    program     extern LCDletr_648A.asm
                 LCDclear   0x000309    program     extern LCDclear_648A.asm
                  LCDsndD   0x00030d    program     extern LCDsnd_648A.asm
           _LCDLIB_000002   0x00030f    program     static LCDsnd_648A.asm
                  LCDsndI   0x000310    program     extern LCDsnd_648A.asm
                 _DELV003   0x000031       data     static Del2ms_648A.asm
                 _DELV004   0x000032       data     static Del2ms_648A.asm
                   Del2ms   0x00031b    program     extern Del2ms_648A.asm
                    lloop   0x00031d    program     static Del2ms_648A.asm
                    mloop   0x00031e    program     static Del2ms_648A.asm
                     Save   0x000035       data     static LCDsend_648A.asm
                  LCDsend   0x000323    program     extern LCDsend_648A.asm
                 _DELV001   0x000033       data     static Del40us_648A.asm
                 _DELV002   0x000034       data     static Del40us_648A.asm
                  Del40us   0x00032a    program     extern Del40us_648A.asm
                    jloop   0x00032c    program     static Del40us_648A.asm
                    kloop   0x00032d    program     static Del40us_648A.asm
                    Count   0x000035       data     static LCDinit_648A.asm
                  LCDinit   0x000335    program     extern LCDinit_648A.asm
           _LCDLIB_00000a   0x00033f    program     static LCDinit_648A.asm
                 Del450ns   0x000355    program     extern Del450ns_648A.asm
                  LCDzero   0x000356    program     extern LCDzero_648A.asm
 
